[    0.000000] Linux version 5.3.7-arch1-2-ARCH (linux@archlinux) (gcc version 9.2.0 (GCC)) #1 SMP PREEMPT @1572002934
[    0.000000] Command line: initrd=\initramfs-linux.img root=PARTUUID=500911e8-446c-4e71-8804-d4b5f5979d26 rw modprobe.blacklist=intel_lpss_pci
[    0.000000] KERNEL supported cpus:
[    0.000000]   Intel GenuineIntel
[    0.000000]   AMD AuthenticAMD
[    0.000000]   Hygon HygonGenuine
[    0.000000]   Centaur CentaurHauls
[    0.000000]   zhaoxin   Shanghai  
[    0.000000] x86/fpu: Supporting XSAVE feature 0x001: 'x87 floating point registers'
[    0.000000] x86/fpu: Supporting XSAVE feature 0x002: 'SSE registers'
[    0.000000] x86/fpu: Supporting XSAVE feature 0x004: 'AVX registers'
[    0.000000] x86/fpu: Supporting XSAVE feature 0x020: 'AVX-512 opmask'
[    0.000000] x86/fpu: Supporting XSAVE feature 0x040: 'AVX-512 Hi256'
[    0.000000] x86/fpu: Supporting XSAVE feature 0x080: 'AVX-512 ZMM_Hi256'
[    0.000000] x86/fpu: Supporting XSAVE feature 0x200: 'Protection Keys User registers'
[    0.000000] x86/fpu: xstate_offset[2]:  576, xstate_sizes[2]:  256
[    0.000000] x86/fpu: xstate_offset[5]:  832, xstate_sizes[5]:   64
[    0.000000] x86/fpu: xstate_offset[6]:  896, xstate_sizes[6]:  512
[    0.000000] x86/fpu: xstate_offset[7]: 1408, xstate_sizes[7]: 1024
[    0.000000] x86/fpu: xstate_offset[9]: 2432, xstate_sizes[9]:    8
[    0.000000] x86/fpu: Enabled xstate features 0x2e7, context size is 2440 bytes, using 'compacted' format.
[    0.000000] BIOS-provided physical RAM map:
[    0.000000] BIOS-e820: [mem 0x0000000000000000-0x000000000009ffff] usable
[    0.000000] BIOS-e820: [mem 0x00000000000a0000-0x00000000000fffff] reserved
[    0.000000] BIOS-e820: [mem 0x0000000000100000-0x000000007ab44fff] usable
[    0.000000] BIOS-e820: [mem 0x000000007ab45000-0x000000007ab45fff] ACPI NVS
[    0.000000] BIOS-e820: [mem 0x000000007ab46000-0x000000007ab46fff] reserved
[    0.000000] BIOS-e820: [mem 0x000000007ab47000-0x000000007beedfff] usable
[    0.000000] BIOS-e820: [mem 0x000000007beee000-0x000000007bf89fff] reserved
[    0.000000] BIOS-e820: [mem 0x000000007bf8a000-0x000000007bfb3fff] ACPI NVS
[    0.000000] BIOS-e820: [mem 0x000000007bfb4000-0x000000007bffefff] ACPI data
[    0.000000] BIOS-e820: [mem 0x000000007bfff000-0x000000007bffffff] usable
[    0.000000] BIOS-e820: [mem 0x000000007c000000-0x00000000953fffff] reserved
[    0.000000] BIOS-e820: [mem 0x00000000fe010000-0x00000000fe010fff] reserved
[    0.000000] BIOS-e820: [mem 0x00000000fed20000-0x00000000fed7ffff] reserved
[    0.000000] BIOS-e820: [mem 0x0000000100000000-0x000000046abfffff] usable
[    0.000000] NX (Execute Disable) protection: active
[    0.000000] efi: EFI v2.70 by MSFT
[    0.000000] efi:  ACPI=0x7bffe000  ACPI 2.0=0x7bffe014  SMBIOS=0x7bf51000  SMBIOS 3.0=0x7bf4f000  MEMATTR=0x78669018  ESRT=0x78e4fc98 
[    0.000000] SMBIOS 3.2.0 present.
[    0.000000] DMI: Microsoft Corporation Surface Pro 7/Surface Pro 7, BIOS 7.157.140 08/25/2019
[    0.000000] tsc: Detected 1500.000 MHz processor
[    0.001646] tsc: Detected 1497.600 MHz TSC
[    0.001646] e820: update [mem 0x00000000-0x00000fff] usable ==> reserved
[    0.001649] e820: remove [mem 0x000a0000-0x000fffff] usable
[    0.001657] last_pfn = 0x46ac00 max_arch_pfn = 0x400000000
[    0.001662] MTRR default type: write-back
[    0.001663] MTRR fixed ranges enabled:
[    0.001665]   00000-9FFFF write-back
[    0.001666]   A0000-BFFFF uncachable
[    0.001668]   C0000-FFFFF write-protect
[    0.001669] MTRR variable ranges enabled:
[    0.001671]   0 base 00C0000000 mask 7FC0000000 uncachable
[    0.001672]   1 base 00A0000000 mask 7FE0000000 uncachable
[    0.001674]   2 base 0098000000 mask 7FF8000000 uncachable
[    0.001675]   3 base 0094000000 mask 7FFC000000 uncachable
[    0.001676]   4 base 0092000000 mask 7FFE000000 uncachable
[    0.001677]   5 base 0091000000 mask 7FFF000000 uncachable
[    0.001678]   6 base 6000000000 mask 6000000000 uncachable
[    0.001680]   7 base 4000000000 mask 6000000000 write-combining
[    0.001680]   8 disabled
[    0.001681]   9 disabled
[    0.002569] x86/PAT: Configuration [0-7]: WB  WC  UC- UC  WB  WP  UC- WT  
[    0.003008] last_pfn = 0x7c000 max_arch_pfn = 0x400000000
[    0.029221] esrt: Reserving ESRT space from 0x0000000078e4fc98 to 0x0000000078e4fd70.
[    0.029264] check: Scanning 1 areas for low memory corruption
[    0.029270] Using GB pages for direct mapping
[    0.029272] BRK [0x342401000, 0x342401fff] PGTABLE
[    0.029275] BRK [0x342402000, 0x342402fff] PGTABLE
[    0.029276] BRK [0x342403000, 0x342403fff] PGTABLE
[    0.029318] BRK [0x342404000, 0x342404fff] PGTABLE
[    0.029320] BRK [0x342405000, 0x342405fff] PGTABLE
[    0.029494] BRK [0x342406000, 0x342406fff] PGTABLE
[    0.029538] BRK [0x342407000, 0x342407fff] PGTABLE
[    0.029636] BRK [0x342408000, 0x342408fff] PGTABLE
[    0.029746] Secure boot disabled
[    0.029747] RAMDISK: [mem 0x77404000-0x77caefff]
[    0.029775] ACPI: Early table checksum verification disabled
[    0.029779] ACPI: RSDP 0x000000007BFFE014 000024 (v02 MSFT  )
[    0.029783] ACPI: XSDT 0x000000007BFFD0E8 0000AC (v01 MSFT   MSFT     00000002 MSFT 20160422)
[    0.029791] ACPI: FACP 0x000000007BFE7000 000114 (v06 MSFT   MSFT     00000002 MSFT 20160422)
[    0.029799] ACPI: DSDT 0x000000007BFC6000 01CB6D (v02 MSFT   MSFT     00000002 MSFT 20160422)
[    0.029803] ACPI: FACS 0x000000007BF9A000 000040
[    0.029806] ACPI: SSDT 0x000000007BFFB000 001B61 (v02 CpuRef CpuSsdt  00003000 INTL 20181003)
[    0.029810] ACPI: MSDM 0x000000007BFFA000 000055 (v01 MSFT            00000001 MSFT 00000001)
[    0.029814] ACPI: SSDT 0x000000007BFF3000 006245 (v02 OEMID  DptfTabl 00001000 INTL 20181003)
[    0.029818] ACPI: SSDT 0x000000007BFEF000 0033E3 (v02 SaSsdt SaSsdt   00003000 INTL 20181003)
[    0.029822] ACPI: SSDT 0x000000007BFE8000 0066EF (v02 INTEL  TcssSsdt 00001000 INTL 20181003)
[    0.029825] ACPI: HPET 0x000000007BFE6000 000038 (v01 MSFT   MSFT     00000002 MSFT 20160422)
[    0.029829] ACPI: LPIT 0x000000007BFE5000 000094 (v01 MSFT   MSFT     00000002 MSFT 20160422)
[    0.029832] ACPI: APIC 0x000000007BFE4000 00012C (v03 MSFT   MSFT     00000002 MSFT 20160422)
[    0.029836] ACPI: MCFG 0x000000007BFE3000 00003C (v01 MSFT   MSFT     00000002 MSFT 20160422)
[    0.029840] ACPI: SSDT 0x000000007BFC5000 000DB4 (v02 MSFT   RTD3_JL  00001000 INTL 20181003)
[    0.029843] ACPI: SSDT 0x000000007BFC4000 0009E3 (v02 MSFT   xh_jl000 00000000 INTL 20181003)
[    0.029847] ACPI: NHLT 0x000000007BFC3000 00002D (v00 MSFT   MSFT     00000002 MSFT 20160422)
[    0.029850] ACPI: DMAR 0x000000007BFC2000 000088 (v01 MSFT   MSFT     00000002 MSFT 20160422)
[    0.029854] ACPI: WSMT 0x000000007BFC0000 000028 (v01 MSFT   MSFT     00000002 MSFT 20160422)
[    0.029858] ACPI: FPDT 0x000000007BFBF000 000034 (v01 MSFT   MSFT     00000002 MSFT 20160422)
[    0.029861] ACPI: BGRT 0x000000007BFC1000 000038 (v01 MSFT   MSFT     00000002 MSFT 20160422)
[    0.029871] ACPI: Local APIC address 0xfee00000
[    0.030222] No NUMA configuration found
[    0.030223] Faking a node at [mem 0x0000000000000000-0x000000046abfffff]
[    0.030227] NODE_DATA(0) allocated [mem 0x46abfc000-0x46abfffff]
[    0.030259] Zone ranges:
[    0.030260]   DMA      [mem 0x0000000000001000-0x0000000000ffffff]
[    0.030262]   DMA32    [mem 0x0000000001000000-0x00000000ffffffff]
[    0.030263]   Normal   [mem 0x0000000100000000-0x000000046abfffff]
[    0.030265]   Device   empty
[    0.030266] Movable zone start for each node
[    0.030266] Early memory node ranges
[    0.030268]   node   0: [mem 0x0000000000001000-0x000000000009ffff]
[    0.030269]   node   0: [mem 0x0000000000100000-0x000000007ab44fff]
[    0.030270]   node   0: [mem 0x000000007ab47000-0x000000007beedfff]
[    0.030271]   node   0: [mem 0x000000007bfff000-0x000000007bffffff]
[    0.030272]   node   0: [mem 0x0000000100000000-0x000000046abfffff]
[    0.030396] Zeroed struct page in unavailable ranges: 16756 pages
[    0.030398] Initmem setup node 0 [mem 0x0000000000001000-0x000000046abfffff]
[    0.030400] On node 0 totalpages: 4090508
[    0.030401]   DMA zone: 64 pages used for memmap
[    0.030402]   DMA zone: 24 pages reserved
[    0.030403]   DMA zone: 3999 pages, LIFO batch:0
[    0.030452]   DMA32 zone: 7868 pages used for memmap
[    0.030453]   DMA32 zone: 503533 pages, LIFO batch:63
[    0.037947]   Normal zone: 55984 pages used for memmap
[    0.037948]   Normal zone: 3582976 pages, LIFO batch:63
[    0.075061] Reserving Intel graphics memory at [mem 0x91800000-0x953fffff]
[    0.075475] ACPI: PM-Timer IO Port: 0x1808
[    0.075478] ACPI: Local APIC address 0xfee00000
[    0.075486] ACPI: LAPIC_NMI (acpi_id[0x01] high edge lint[0x1])
[    0.075487] ACPI: LAPIC_NMI (acpi_id[0x02] high edge lint[0x1])
[    0.075488] ACPI: LAPIC_NMI (acpi_id[0x03] high edge lint[0x1])
[    0.075488] ACPI: LAPIC_NMI (acpi_id[0x04] high edge lint[0x1])
[    0.075489] ACPI: LAPIC_NMI (acpi_id[0x05] high edge lint[0x1])
[    0.075490] ACPI: LAPIC_NMI (acpi_id[0x06] high edge lint[0x1])
[    0.075490] ACPI: LAPIC_NMI (acpi_id[0x07] high edge lint[0x1])
[    0.075491] ACPI: LAPIC_NMI (acpi_id[0x08] high edge lint[0x1])
[    0.075492] ACPI: LAPIC_NMI (acpi_id[0x09] high edge lint[0x1])
[    0.075492] ACPI: LAPIC_NMI (acpi_id[0x0a] high edge lint[0x1])
[    0.075493] ACPI: LAPIC_NMI (acpi_id[0x0b] high edge lint[0x1])
[    0.075494] ACPI: LAPIC_NMI (acpi_id[0x0c] high edge lint[0x1])
[    0.075494] ACPI: LAPIC_NMI (acpi_id[0x0d] high edge lint[0x1])
[    0.075495] ACPI: LAPIC_NMI (acpi_id[0x0e] high edge lint[0x1])
[    0.075496] ACPI: LAPIC_NMI (acpi_id[0x0f] high edge lint[0x1])
[    0.075496] ACPI: LAPIC_NMI (acpi_id[0x10] high edge lint[0x1])
[    0.075532] IOAPIC[0]: apic_id 2, version 32, address 0xfec00000, GSI 0-119
[    0.075534] ACPI: INT_SRC_OVR (bus 0 bus_irq 0 global_irq 2 dfl dfl)
[    0.075536] ACPI: INT_SRC_OVR (bus 0 bus_irq 9 global_irq 9 high level)
[    0.075538] ACPI: IRQ0 used by override.
[    0.075539] ACPI: IRQ9 used by override.
[    0.075541] Using ACPI (MADT) for SMP configuration information
[    0.075543] ACPI: HPET id: 0x8086a201 base: 0xfed00000
[    0.075555] smpboot: Allowing 8 CPUs, 0 hotplug CPUs
[    0.075571] PM: Registered nosave memory: [mem 0x00000000-0x00000fff]
[    0.075573] PM: Registered nosave memory: [mem 0x000a0000-0x000fffff]
[    0.075575] PM: Registered nosave memory: [mem 0x7ab45000-0x7ab45fff]
[    0.075576] PM: Registered nosave memory: [mem 0x7ab46000-0x7ab46fff]
[    0.075577] PM: Registered nosave memory: [mem 0x7beee000-0x7bf89fff]
[    0.075578] PM: Registered nosave memory: [mem 0x7bf8a000-0x7bfb3fff]
[    0.075579] PM: Registered nosave memory: [mem 0x7bfb4000-0x7bffefff]
[    0.075580] PM: Registered nosave memory: [mem 0x7c000000-0x953fffff]
[    0.075581] PM: Registered nosave memory: [mem 0x95400000-0xfe00ffff]
[    0.075582] PM: Registered nosave memory: [mem 0xfe010000-0xfe010fff]
[    0.075582] PM: Registered nosave memory: [mem 0xfe011000-0xfed1ffff]
[    0.075583] PM: Registered nosave memory: [mem 0xfed20000-0xfed7ffff]
[    0.075584] PM: Registered nosave memory: [mem 0xfed80000-0xffffffff]
[    0.075586] [mem 0x95400000-0xfe00ffff] available for PCI devices
[    0.075587] Booting paravirtualized kernel on bare hardware
[    0.075591] clocksource: refined-jiffies: mask: 0xffffffff max_cycles: 0xffffffff, max_idle_ns: 6370452778343963 ns
[    0.192029] setup_percpu: NR_CPUS:320 nr_cpumask_bits:320 nr_cpu_ids:8 nr_node_ids:1
[    0.192251] percpu: Embedded 54 pages/cpu s184320 r8192 d28672 u262144
[    0.192257] pcpu-alloc: s184320 r8192 d28672 u262144 alloc=1*2097152
[    0.192258] pcpu-alloc: [0] 0 1 2 3 4 5 6 7 
[    0.192279] Built 1 zonelists, mobility grouping on.  Total pages: 4026568
[    0.192280] Policy zone: Normal
[    0.192281] Kernel command line: initrd=\initramfs-linux.img root=PARTUUID=500911e8-446c-4e71-8804-d4b5f5979d26 rw modprobe.blacklist=intel_lpss_pci
[    0.193286] Dentry cache hash table entries: 2097152 (order: 12, 16777216 bytes, linear)
[    0.193765] Inode-cache hash table entries: 1048576 (order: 11, 8388608 bytes, linear)
[    0.193854] mem auto-init: stack:byref_all, heap alloc:off, heap free:off
[    0.197809] Calgary: detecting Calgary via BIOS EBDA area
[    0.197811] Calgary: Unable to locate Rio Grande table in EBDA - bailing!
[    0.244764] Memory: 15902740K/16362032K available (12291K kernel code, 1321K rwdata, 3952K rodata, 1632K init, 3548K bss, 459292K reserved, 0K cma-reserved)
[    0.244981] SLUB: HWalign=64, Order=0-3, MinObjects=0, CPUs=8, Nodes=1
[    0.245000] ftrace: allocating 37808 entries in 148 pages
[    0.268611] rcu: Preemptible hierarchical RCU implementation.
[    0.268612] rcu: 	CONFIG_RCU_FANOUT set to non-default value of 32.
[    0.268613] rcu: 	RCU dyntick-idle grace-period acceleration is enabled.
[    0.268614] rcu: 	RCU restricting CPUs from NR_CPUS=320 to nr_cpu_ids=8.
[    0.268615] rcu: 	RCU priority boosting: priority 1 delay 500 ms.
[    0.268617] 	Tasks RCU enabled.
[    0.268618] rcu: RCU calculated value of scheduler-enlistment delay is 30 jiffies.
[    0.268619] rcu: Adjusting geometry for rcu_fanout_leaf=16, nr_cpu_ids=8
[    0.270847] NR_IRQS: 20736, nr_irqs: 2048, preallocated irqs: 16
[    0.271168] rcu: 	Offload RCU callbacks from CPUs: (none).
[    0.271438] random: get_random_bytes called from start_kernel+0x3ce/0x5a9 with crng_init=0
[    0.271474] Console: colour dummy device 80x25
[    0.271479] printk: console [tty0] enabled
[    0.271506] ACPI: Core revision 20190703
[    0.271916] clocksource: hpet: mask: 0xffffffff max_cycles: 0xffffffff, max_idle_ns: 99544814920 ns
[    0.272076] APIC: Switch to symmetric I/O mode setup
[    0.272079] DMAR: Host address width 39
[    0.272081] DMAR: DRHD base: 0x000000fed90000 flags: 0x0
[    0.272088] DMAR: dmar0: reg_base_addr fed90000 ver 4:0 cap 1c0000c40660462 ecap 49e2ff0505e
[    0.272089] DMAR: DRHD base: 0x000000fed91000 flags: 0x1
[    0.272096] DMAR: dmar1: reg_base_addr fed91000 ver 1:0 cap d2008c40660462 ecap f050da
[    0.272098] DMAR: RMRR base: 0x00000091000000 end: 0x000000953fffff
[    0.272101] DMAR-IR: IOAPIC id 2 under DRHD base  0xfed91000 IOMMU 1
[    0.272102] DMAR-IR: HPET id 0 under DRHD base 0xfed91000
[    0.272103] DMAR-IR: x2apic is disabled because BIOS sets x2apic opt out bit.
[    0.272104] DMAR-IR: Use 'intremap=no_x2apic_optout' to override the BIOS setting.
[    0.273813] DMAR-IR: Enabled IRQ remapping in xapic mode
[    0.273814] x2apic: IRQ remapping doesn't support X2APIC mode
[    0.278726] ..TIMER: vector=0x30 apic1=0 pin1=2 apic2=-1 pin2=-1
[    0.295344] clocksource: tsc-early: mask: 0xffffffffffffffff max_cycles: 0x159647815e3, max_idle_ns: 440795269835 ns
[    0.295351] Calibrating delay loop (skipped), value calculated using timer frequency.. 2996.00 BogoMIPS (lpj=4992000)
[    0.295355] pid_max: default: 32768 minimum: 301
[    0.299434] LSM: Security Framework initializing
[    0.299439] Yama: becoming mindful.
[    0.299496] Mount-cache hash table entries: 32768 (order: 6, 262144 bytes, linear)
[    0.299537] Mountpoint-cache hash table entries: 32768 (order: 6, 262144 bytes, linear)
[    0.299760] *** VALIDATE proc ***
[    0.299825] *** VALIDATE cgroup1 ***
[    0.299827] *** VALIDATE cgroup2 ***
[    0.299885] x86/cpu: User Mode Instruction Prevention (UMIP) activated
[    0.299924] mce: CPU0: Thermal monitoring enabled (TM1)
[    0.299984] process: using mwait in idle threads
[    0.299987] Last level iTLB entries: 4KB 0, 2MB 0, 4MB 0
[    0.299988] Last level dTLB entries: 4KB 0, 2MB 0, 4MB 0, 1GB 0
[    0.299992] Spectre V1 : Mitigation: usercopy/swapgs barriers and __user pointer sanitization
[    0.299994] Spectre V2 : Mitigation: Enhanced IBRS
[    0.299995] Spectre V2 : Spectre v2 / SpectreRSB mitigation: Filling RSB on context switch
[    0.299997] Spectre V2 : mitigation: Enabling conditional Indirect Branch Prediction Barrier
[    0.299999] Speculative Store Bypass: Mitigation: Speculative Store Bypass disabled via prctl and seccomp
[    0.300412] Freeing SMP alternatives memory: 32K
[    0.302147] TSC deadline timer enabled
[    0.302162] smpboot: CPU0: Intel(R) Core(TM) i7-1065G7 CPU @ 1.30GHz (family: 0x6, model: 0x7e, stepping: 0x5)
[    0.322050] Performance Events: PEBS fmt4+-baseline, Icelake events, 32-deep LBR, full-width counters, Intel PMU driver.
[    0.322058] ... version:                5
[    0.322059] ... bit width:              48
[    0.322059] ... generic registers:      8
[    0.322060] ... value mask:             0000ffffffffffff
[    0.322061] ... max period:             00007fffffffffff
[    0.322062] ... fixed-purpose events:   4
[    0.322062] ... event mask:             0000000f000000ff
[    0.328711] rcu: Hierarchical SRCU implementation.
[    0.352215] NMI watchdog: Enabled. Permanently consumes one hw-PMU counter.
[    0.358719] smp: Bringing up secondary CPUs ...
[    0.398726] x86: Booting SMP configuration:
[    0.398727] .... node  #0, CPUs:      #1 #2 #3 #4 #5 #6 #7
[    0.639605] smp: Brought up 1 node, 8 CPUs
[    0.639605] smpboot: Max logical packages: 1
[    0.639605] smpboot: Total of 8 processors activated (23971.00 BogoMIPS)
[    0.642417] devtmpfs: initialized
[    0.642417] x86/mm: Memory block size: 128MB
[    0.644164] PM: Registering ACPI NVS region [mem 0x7ab45000-0x7ab45fff] (4096 bytes)
[    0.644164] PM: Registering ACPI NVS region [mem 0x7bf8a000-0x7bfb3fff] (172032 bytes)
[    0.644164] clocksource: jiffies: mask: 0xffffffff max_cycles: 0xffffffff, max_idle_ns: 6370867519511994 ns
[    0.644164] futex hash table entries: 2048 (order: 5, 131072 bytes, linear)
[    0.644164] pinctrl core: initialized pinctrl subsystem
[    0.644164] PM: RTC time: 03:42:59, date: 2019-10-31
[    0.644164] NET: Registered protocol family 16
[    0.644164] audit: initializing netlink subsys (disabled)
[    0.645366] audit: type=2000 audit(1572493378.369:1): state=initialized audit_enabled=0 res=1
[    0.645482] cpuidle: using governor ladder
[    0.652051] cpuidle: using governor menu
[    0.652056] ACPI: bus type PCI registered
[    0.652056] acpiphp: ACPI Hot Plug PCI Controller Driver version: 0.5
[    0.652180] PCI: MMCONFIG for domain 0000 [bus 00-ff] at [mem 0xe0000000-0xefffffff] (base 0xe0000000)
[    0.652188] PCI: not using MMCONFIG
[    0.652188] PCI: Using configuration type 1 for base access
[    0.653403] ENERGY_PERF_BIAS: Set to 'normal', was 'performance'
[    0.655406] HugeTLB registered 1.00 GiB page size, pre-allocated 0 pages
[    0.655406] HugeTLB registered 2.00 MiB page size, pre-allocated 0 pages
[    0.655482] ACPI: Added _OSI(Module Device)
[    0.655484] ACPI: Added _OSI(Processor Device)
[    0.655485] ACPI: Added _OSI(3.0 _SCP Extensions)
[    0.655486] ACPI: Added _OSI(Processor Aggregator Device)
[    0.655487] ACPI: Added _OSI(Linux-Dell-Video)
[    0.655488] ACPI: Added _OSI(Linux-Lenovo-NV-HDMI-Audio)
[    0.655490] ACPI: Added _OSI(Linux-HPI-Hybrid-Graphics)
[    0.724023] ACPI: 7 ACPI AML tables successfully acquired and loaded
[    0.736140] ACPI: Dynamic OEM Table Load:
[    0.736155] ACPI: SSDT 0xFFFFA18D17E5AA00 0000F4 (v02 PmRef  Cpu0Psd  00003000 INTL 20181003)
[    0.738089] ACPI: \_SB_.PR00: _OSC native thermal LVT Acked
[    0.739345] ACPI: Dynamic OEM Table Load:
[    0.739351] ACPI: SSDT 0xFFFFA18D17E05400 000394 (v02 PmRef  Cpu0Cst  00003001 INTL 20181003)
[    0.741387] ACPI: Dynamic OEM Table Load:
[    0.741392] ACPI: SSDT 0xFFFFA18D18173000 000437 (v02 PmRef  Cpu0Ist  00003000 INTL 20181003)
[    0.743409] ACPI: Dynamic OEM Table Load:
[    0.743413] ACPI: SSDT 0xFFFFA18D17E5F400 00012C (v02 PmRef  Cpu0Hwp  00003000 INTL 20181003)
[    0.745293] ACPI: Dynamic OEM Table Load:
[    0.745299] ACPI: SSDT 0xFFFFA18D18176000 000724 (v02 PmRef  HwpLvt   00003000 INTL 20181003)
[    0.747620] ACPI: Dynamic OEM Table Load:
[    0.747625] ACPI: SSDT 0xFFFFA18D18177000 0005FC (v02 PmRef  ApIst    00003000 INTL 20181003)
[    0.749799] ACPI: Dynamic OEM Table Load:
[    0.749803] ACPI: SSDT 0xFFFFA18D17E07C00 000317 (v02 PmRef  ApHwp    00003000 INTL 20181003)
[    0.751985] ACPI: Dynamic OEM Table Load:
[    0.751991] ACPI: SSDT 0xFFFFA18D17EF8000 000AB0 (v02 PmRef  ApPsd    00003000 INTL 20181003)
[    0.754905] ACPI: Dynamic OEM Table Load:
[    0.754911] ACPI: SSDT 0xFFFFA18D17E04C00 00030A (v02 PmRef  ApCst    00003000 INTL 20181003)
[    0.761323] ACPI: Interpreter enabled
[    0.761396] ACPI: (supports S0 S4 S5)
[    0.761398] ACPI: Using IOAPIC for interrupt routing
[    0.761454] PCI: MMCONFIG for domain 0000 [bus 00-ff] at [mem 0xe0000000-0xefffffff] (base 0xe0000000)
[    0.762531] PCI: MMCONFIG at [mem 0xe0000000-0xefffffff] reserved in ACPI motherboard resources
[    0.762548] PCI: Using host bridge windows from ACPI; if necessary, use "pci=nocrs" and report a bug
[    0.763228] ACPI: Enabled 8 GPEs in block 00 to 7F
[    0.769499] ACPI: Power Resource [BTPR] (on)
[    0.782183] ACPI: Power Resource [V0PR] (on)
[    0.782451] ACPI: Power Resource [V1PR] (on)
[    0.782702] ACPI: Power Resource [V2PR] (on)
[    0.783623] ACPI: Power Resource [CAMP] (off)
[    0.785426] ACPI: Power Resource [WRST] (on)
[    0.785680] ACPI: Power Resource [TBT0] (on)
[    0.785713] ACPI: Power Resource [TBT1] (on)
[    0.785749] ACPI: Power Resource [D3C] (on)
[    0.796235] ACPI: Power Resource [PIN] (off)
[    0.796983] ACPI: PCI Root Bridge [PCI0] (domain 0000 [bus 00-fe])
[    0.796990] acpi PNP0A08:00: _OSC: OS supports [ExtendedConfig ASPM ClockPM Segments MSI HPX-Type3]
[    0.807281] acpi PNP0A08:00: _OSC: OS now controls [PCIeHotplug SHPCHotplug PME AER PCIeCapability LTR]
[    0.812833] PCI host bridge to bus 0000:00
[    0.812836] pci_bus 0000:00: root bus resource [io  0x0000-0x0cf7 window]
[    0.812838] pci_bus 0000:00: root bus resource [io  0x0d00-0xffff window]
[    0.812839] pci_bus 0000:00: root bus resource [mem 0x000a0000-0x000bffff window]
[    0.812841] pci_bus 0000:00: root bus resource [mem 0x000c0000-0x000c3fff window]
[    0.812842] pci_bus 0000:00: root bus resource [mem 0x000c4000-0x000c7fff window]
[    0.812843] pci_bus 0000:00: root bus resource [mem 0x000c8000-0x000cbfff window]
[    0.812844] pci_bus 0000:00: root bus resource [mem 0x000cc000-0x000cffff window]
[    0.812845] pci_bus 0000:00: root bus resource [mem 0x000d0000-0x000d3fff window]
[    0.812846] pci_bus 0000:00: root bus resource [mem 0x000d4000-0x000d7fff window]
[    0.812848] pci_bus 0000:00: root bus resource [mem 0x000d8000-0x000dbfff window]
[    0.812849] pci_bus 0000:00: root bus resource [mem 0x000dc000-0x000dffff window]
[    0.812850] pci_bus 0000:00: root bus resource [mem 0x000e0000-0x000e3fff window]
[    0.812851] pci_bus 0000:00: root bus resource [mem 0x000e4000-0x000e7fff window]
[    0.812852] pci_bus 0000:00: root bus resource [mem 0x000e8000-0x000ebfff window]
[    0.812853] pci_bus 0000:00: root bus resource [mem 0x000ec000-0x000effff window]
[    0.812854] pci_bus 0000:00: root bus resource [mem 0x000f0000-0x000fffff window]
[    0.812855] pci_bus 0000:00: root bus resource [mem 0x95400000-0xdfffffff window]
[    0.812857] pci_bus 0000:00: root bus resource [mem 0x4000000000-0x7fffffffff window]
[    0.812858] pci_bus 0000:00: root bus resource [bus 00-fe]
[    0.812902] pci 0000:00:00.0: [8086:8a12] type 00 class 0x060000
[    0.814968] pci 0000:00:02.0: [8086:8a52] type 00 class 0x030000
[    0.814986] pci 0000:00:02.0: reg 0x10: [mem 0x6000000000-0x6000ffffff 64bit]
[    0.814995] pci 0000:00:02.0: reg 0x18: [mem 0x4000000000-0x400fffffff 64bit pref]
[    0.815002] pci 0000:00:02.0: reg 0x20: [io  0x3000-0x303f]
[    0.815024] pci 0000:00:02.0: BAR 2: assigned to efifb
[    0.816778] pci 0000:00:04.0: [8086:8a03] type 00 class 0x118000
[    0.816809] pci 0000:00:04.0: reg 0x10: [mem 0x6001120000-0x600112ffff 64bit]
[    0.818668] pci 0000:00:0d.0: [8086:8a13] type 00 class 0x0c0330
[    0.818700] pci 0000:00:0d.0: reg 0x10: [mem 0x6001110000-0x600111ffff 64bit]
[    0.818772] pci 0000:00:0d.0: PME# supported from D3hot D3cold
[    0.820574] pci 0000:00:12.0: [8086:34fc] type 00 class 0x070000
[    0.820613] pci 0000:00:12.0: reg 0x10: [mem 0x600113a000-0x600113bfff 64bit]
[    0.820732] pci 0000:00:12.0: PME# supported from D0 D3hot
[    0.822474] pci 0000:00:14.0: [8086:34ed] type 00 class 0x0c0330
[    0.822509] pci 0000:00:14.0: reg 0x10: [mem 0x6001100000-0x600110ffff 64bit]
[    0.822626] pci 0000:00:14.0: PME# supported from D3hot D3cold
[    0.824301] pci 0000:00:14.2: [8086:34ef] type 00 class 0x050000
[    0.824336] pci 0000:00:14.2: reg 0x10: [mem 0x6001138000-0x6001139fff 64bit]
[    0.824355] pci 0000:00:14.2: reg 0x18: [mem 0x6001141000-0x6001141fff 64bit]
[    0.826172] pci 0000:00:14.3: [8086:34f0] type 00 class 0x028000
[    0.826224] pci 0000:00:14.3: reg 0x10: [mem 0x6001134000-0x6001137fff 64bit]
[    0.826397] pci 0000:00:14.3: PME# supported from D0 D3hot D3cold
[    0.828105] pci 0000:00:15.0: [8086:34e8] type 00 class 0x0c8000
[    0.828187] pci 0000:00:15.0: reg 0x10: [mem 0x00000000-0x00000fff 64bit]
[    0.830060] pci 0000:00:16.0: [8086:34e0] type 00 class 0x078000
[    0.830102] pci 0000:00:16.0: reg 0x10: [mem 0x600113f000-0x600113ffff 64bit]
[    0.830231] pci 0000:00:16.0: PME# supported from D3hot
[    0.832059] pci 0000:00:16.4: [8086:34e4] type 00 class 0x078000
[    0.832100] pci 0000:00:16.4: reg 0x10: [mem 0x600113e000-0x600113efff 64bit]
[    0.832229] pci 0000:00:16.4: PME# supported from D3hot
[    0.833913] pci 0000:00:19.0: [8086:34c5] type 00 class 0x0c8000
[    0.833985] pci 0000:00:19.0: reg 0x10: [mem 0x00000000-0x00000fff 64bit]
[    0.835868] pci 0000:00:1d.0: [8086:34b0] type 01 class 0x060400
[    0.836061] pci 0000:00:1d.0: PME# supported from D0 D3hot D3cold
[    0.836092] pci 0000:00:1d.0: PTM enabled (root), 4dns granularity
[    0.837948] pci 0000:00:1e.0: [8086:34a8] type 00 class 0x078000
[    0.838024] pci 0000:00:1e.0: reg 0x10: [mem 0x00000000-0x00000fff 64bit]
[    0.839945] pci 0000:00:1f.0: [8086:3482] type 00 class 0x060100
[    0.841792] pci 0000:00:1f.3: [8086:34c8] type 00 class 0x040380
[    0.841882] pci 0000:00:1f.3: reg 0x10: [mem 0x6001130000-0x6001133fff 64bit]
[    0.841967] pci 0000:00:1f.3: reg 0x20: [mem 0x6001000000-0x60010fffff 64bit]
[    0.842164] pci 0000:00:1f.3: PME# supported from D3hot D3cold
[    0.843983] pci 0000:00:1f.5: [8086:34a4] type 00 class 0x0c8000
[    0.844013] pci 0000:00:1f.5: reg 0x10: [mem 0xfe010000-0xfe010fff]
[    0.845885] pci 0000:01:00.0: [1c5c:1327] type 00 class 0x010802
[    0.845931] pci 0000:01:00.0: reg 0x10: [mem 0x95400000-0x95403fff 64bit]
[    0.846103] pci 0000:01:00.0: supports D1
[    0.846104] pci 0000:01:00.0: PME# supported from D0 D1 D3hot
[    0.846272] pci 0000:00:1d.0: PCI bridge to [bus 01]
[    0.846278] pci 0000:00:1d.0:   bridge window [mem 0x95400000-0x954fffff]
[    0.918692] pci 0000:00:02.0: vgaarb: setting as boot VGA device
[    0.918692] pci 0000:00:02.0: vgaarb: VGA device added: decodes=io+mem,owns=io+mem,locks=none
[    0.918696] pci 0000:00:02.0: vgaarb: bridge control possible
[    0.918697] vgaarb: loaded
[    0.918864] ACPI: bus type USB registered
[    0.918878] usbcore: registered new interface driver usbfs
[    0.918884] usbcore: registered new interface driver hub
[    0.918930] usbcore: registered new device driver usb
[    0.918961] pps_core: LinuxPPS API ver. 1 registered
[    0.918962] pps_core: Software ver. 5.3.6 - Copyright 2005-2007 Rodolfo Giometti <giometti@linux.it>
[    0.918964] PTP clock support registered
[    0.918972] EDAC MC: Ver: 3.0.0
[    0.919231] Registered efivars operations
[    0.919231] PCI: Using ACPI for IRQ routing
[    0.958331] PCI: pci_cache_line_size set to 64 bytes
[    0.958496] pci 0000:00:1f.5: can't claim BAR 0 [mem 0xfe010000-0xfe010fff]: no compatible bridge window
[    0.958658] e820: reserve RAM buffer [mem 0x7ab45000-0x7bffffff]
[    0.958660] e820: reserve RAM buffer [mem 0x7beee000-0x7bffffff]
[    0.958661] e820: reserve RAM buffer [mem 0x46ac00000-0x46bffffff]
[    0.958772] NetLabel: Initializing
[    0.958773] NetLabel:  domain hash size = 128
[    0.958774] NetLabel:  protocols = UNLABELED CIPSOv4 CALIPSO
[    0.958789] NetLabel:  unlabeled traffic allowed by default
[    0.958794] hpet0: at MMIO 0xfed00000, IRQs 2, 8, 0, 0, 0, 0, 0, 0
[    0.958794] hpet0: 8 comparators, 64-bit 19.200000 MHz counter
[    0.962015] clocksource: Switched to clocksource tsc-early
[    0.976204] VFS: Disk quotas dquot_6.6.0
[    0.976223] VFS: Dquot-cache hash table entries: 512 (order 0, 4096 bytes)
[    0.976251] *** VALIDATE hugetlbfs ***
[    0.976294] pnp: PnP ACPI init
[    0.976638] system 00:00: [io  0x0680-0x069f] has been reserved
[    0.976640] system 00:00: [io  0x164e-0x164f] has been reserved
[    0.976646] system 00:00: Plug and Play ACPI device, IDs PNP0c02 (active)
[    0.976706] pnp 00:01: Plug and Play ACPI device, IDs PNP0b00 (active)
[    0.976843] system 00:02: [io  0x1854-0x1857] has been reserved
[    0.976846] system 00:02: Plug and Play ACPI device, IDs INT3f0d PNP0c02 (active)
[    0.977431] system 00:03: [mem 0xfed10000-0xfed17fff] has been reserved
[    0.977433] system 00:03: [mem 0xfeda0000-0xfeda0fff] has been reserved
[    0.977435] system 00:03: [mem 0xfeda1000-0xfeda1fff] has been reserved
[    0.977436] system 00:03: [mem 0xe0000000-0xefffffff] has been reserved
[    0.977438] system 00:03: [mem 0xfed20000-0xfed7ffff] has been reserved
[    0.977439] system 00:03: [mem 0xfed90000-0xfed93fff] could not be reserved
[    0.977441] system 00:03: [mem 0xfee00000-0xfeefffff] has been reserved
[    0.977445] system 00:03: Plug and Play ACPI device, IDs PNP0c02 (active)
[    0.977990] system 00:04: [io  0x1800-0x18fe] could not be reserved
[    0.977992] system 00:04: [mem 0xfd000000-0xfd68ffff] has been reserved
[    0.977993] system 00:04: [mem 0xfd6b0000-0xfd6cffff] has been reserved
[    0.977995] system 00:04: [mem 0xfd6f0000-0xfdffffff] has been reserved
[    0.977996] system 00:04: [mem 0xfe000000-0xfe01ffff] could not be reserved
[    0.977998] system 00:04: [mem 0xfe200000-0xfe7fffff] has been reserved
[    0.978003] system 00:04: [mem 0xff000000-0xffffffff] has been reserved
[    0.978006] system 00:04: Plug and Play ACPI device, IDs PNP0c02 (active)
[    0.978433] system 00:05: [io  0x2000-0x20fe] has been reserved
[    0.978436] system 00:05: Plug and Play ACPI device, IDs PNP0c02 (active)
[    0.978760] system 00:06: [mem 0xfe038000-0xfe038fff] has been reserved
[    0.978763] system 00:06: Plug and Play ACPI device, IDs PNP0c02 (active)
[    0.979524] pnp: PnP ACPI: found 7 devices
[    0.981104] thermal_sys: Registered thermal governor 'fair_share'
[    0.981105] thermal_sys: Registered thermal governor 'bang_bang'
[    0.981106] thermal_sys: Registered thermal governor 'step_wise'
[    0.981107] thermal_sys: Registered thermal governor 'user_space'
[    0.981108] thermal_sys: Registered thermal governor 'power_allocator'
[    0.985658] clocksource: acpi_pm: mask: 0xffffff max_cycles: 0xffffff, max_idle_ns: 2085701024 ns
[    0.985699] pci 0000:00:15.0: BAR 0: assigned [mem 0x4010000000-0x4010000fff 64bit]
[    0.985777] pci 0000:00:19.0: BAR 0: assigned [mem 0x4010001000-0x4010001fff 64bit]
[    0.985850] pci 0000:00:1e.0: BAR 0: assigned [mem 0x4010002000-0x4010002fff 64bit]
[    0.985921] pci 0000:00:1f.5: BAR 0: assigned [mem 0x95500000-0x95500fff]
[    0.985950] pci 0000:00:1d.0: PCI bridge to [bus 01]
[    0.985971] pci 0000:00:1d.0:   bridge window [mem 0x95400000-0x954fffff]
[    0.985984] pci_bus 0000:00: resource 4 [io  0x0000-0x0cf7 window]
[    0.985986] pci_bus 0000:00: resource 5 [io  0x0d00-0xffff window]
[    0.985987] pci_bus 0000:00: resource 6 [mem 0x000a0000-0x000bffff window]
[    0.985988] pci_bus 0000:00: resource 7 [mem 0x000c0000-0x000c3fff window]
[    0.985990] pci_bus 0000:00: resource 8 [mem 0x000c4000-0x000c7fff window]
[    0.985991] pci_bus 0000:00: resource 9 [mem 0x000c8000-0x000cbfff window]
[    0.985992] pci_bus 0000:00: resource 10 [mem 0x000cc000-0x000cffff window]
[    0.985993] pci_bus 0000:00: resource 11 [mem 0x000d0000-0x000d3fff window]
[    0.985995] pci_bus 0000:00: resource 12 [mem 0x000d4000-0x000d7fff window]
[    0.985996] pci_bus 0000:00: resource 13 [mem 0x000d8000-0x000dbfff window]
[    0.985997] pci_bus 0000:00: resource 14 [mem 0x000dc000-0x000dffff window]
[    0.985998] pci_bus 0000:00: resource 15 [mem 0x000e0000-0x000e3fff window]
[    0.986000] pci_bus 0000:00: resource 16 [mem 0x000e4000-0x000e7fff window]
[    0.986001] pci_bus 0000:00: resource 17 [mem 0x000e8000-0x000ebfff window]
[    0.986002] pci_bus 0000:00: resource 18 [mem 0x000ec000-0x000effff window]
[    0.986003] pci_bus 0000:00: resource 19 [mem 0x000f0000-0x000fffff window]
[    0.986005] pci_bus 0000:00: resource 20 [mem 0x95400000-0xdfffffff window]
[    0.986006] pci_bus 0000:00: resource 21 [mem 0x4000000000-0x7fffffffff window]
[    0.986008] pci_bus 0000:01: resource 1 [mem 0x95400000-0x954fffff]
[    0.986246] NET: Registered protocol family 2
[    0.986395] tcp_listen_portaddr_hash hash table entries: 8192 (order: 5, 131072 bytes, linear)
[    0.986415] TCP established hash table entries: 131072 (order: 8, 1048576 bytes, linear)
[    0.986590] TCP bind hash table entries: 65536 (order: 8, 1048576 bytes, linear)
[    0.986704] TCP: Hash tables configured (established 131072 bind 65536)
[    0.986737] UDP hash table entries: 8192 (order: 6, 262144 bytes, linear)
[    0.986769] UDP-Lite hash table entries: 8192 (order: 6, 262144 bytes, linear)
[    0.986844] NET: Registered protocol family 1
[    0.986850] NET: Registered protocol family 44
[    0.986868] pci 0000:00:02.0: Video device with shadowed ROM at [mem 0x000c0000-0x000dffff]
[    0.987606] PCI: CLS 0 bytes, default 64
[    0.987649] Trying to unpack rootfs image as initramfs...
[    1.169433] Freeing initrd memory: 8876K
[    1.205410] PCI-DMA: Using software bounce buffering for IO (SWIOTLB)
[    1.205412] software IO TLB: mapped [mem 0x725f4000-0x765f4000] (64MB)
[    1.205442] clocksource: tsc: mask: 0xffffffffffffffff max_cycles: 0x159647815e3, max_idle_ns: 440795269835 ns
[    1.205462] clocksource: Switched to clocksource tsc
[    1.205604] check: Scanning for low memory corruption every 60 seconds
[    1.206051] Initialise system trusted keyrings
[    1.206066] Key type blacklist registered
[    1.206142] workingset: timestamp_bits=41 max_order=22 bucket_order=0
[    1.207491] zbud: loaded
[    1.214918] Key type asymmetric registered
[    1.214920] Asymmetric key parser 'x509' registered
[    1.214928] Block layer SCSI generic (bsg) driver version 0.4 loaded (major 245)
[    1.214982] io scheduler mq-deadline registered
[    1.214983] io scheduler kyber registered
[    1.215013] io scheduler bfq registered
[    1.217866] pcieport 0000:00:1d.0: PME: Signaling with IRQ 122
[    1.218010] shpchp: Standard Hot Plug PCI Controller Driver version: 0.4
[    1.218118] efifb: probing for efifb
[    1.218132] efifb: framebuffer at 0x4000000000, using 19496k, total 19494k
[    1.218134] efifb: mode is 2736x1824x32, linelength=10944, pages=1
[    1.218134] efifb: scrolling: redraw
[    1.218136] efifb: Truecolor: size=8:8:8:8, shift=24:16:8:0
[    1.218189] fbcon: Deferring console take-over
[    1.218191] fb0: EFI VGA frame buffer device
[    1.218200] intel_idle: does not run on family 6 model 126
[    1.218298] input: Lid Switch as /devices/LNXSYSTM:00/LNXSYBUS:00/PNP0C0D:00/input/input0
[    1.218308] ACPI: Lid Switch [LID0]
[    1.218967] Monitor-Mwait will be used to enter C-1 state
[    1.218994] Monitor-Mwait will be used to enter C-2 state
[    1.219004] Monitor-Mwait will be used to enter C-3 state
[    1.223610] [Firmware Bug]: No valid trip found
[    1.223683] [Firmware Bug]: No valid trip found
[    1.223749] [Firmware Bug]: No valid trip found
[    1.223813] [Firmware Bug]: No valid trip found
[    1.223877] [Firmware Bug]: No valid trip found
[    1.223941] [Firmware Bug]: No valid trip found
[    1.224004] [Firmware Bug]: No valid trip found
[    1.224068] [Firmware Bug]: No valid trip found
[    1.224132] [Firmware Bug]: No valid trip found
[    1.224425] Serial: 8250/16550 driver, 4 ports, IRQ sharing enabled
[    1.227322] serial 0000:00:12.0: enabling device (0000 -> 0002)
[    1.228007] AMD-Vi: AMD IOMMUv2 driver by Joerg Roedel <jroedel@suse.de>
[    1.228008] AMD-Vi: AMD IOMMUv2 functionality not available on this system
[    1.229902] nvme nvme0: pci function 0000:01:00.0
[    1.229962] usbcore: registered new interface driver usbserial_generic
[    1.229968] usbserial: USB Serial support registered for generic
[    1.230065] rtc_cmos 00:01: RTC can wake from S4
[    1.231179] rtc_cmos 00:01: registered as rtc0
[    1.231207] rtc_cmos 00:01: alarms up to one month, y3k, 242 bytes nvram
[    1.231280] intel_pstate: Intel P-state driver initializing
[    1.232199] intel_pstate: HWP enabled
[    1.232347] ledtrig-cpu: registered to indicate activity on CPUs
[    1.232398] intel_pmc_core INT33A1:00:  initialized
[    1.232574] NET: Registered protocol family 10
[    1.236416] Segment Routing with IPv6
[    1.236432] NET: Registered protocol family 17
[    1.236798] RAS: Correctable Errors collector initialized.
[    1.236820] microcode: sig=0x706e5, pf=0x80, revision=0x38
[    1.236863] microcode: Microcode Update Driver: v2.2.
[    1.236870] sched_clock: Marking stable (1232806154, 4054601)->(1243230188, -6369433)
[    1.236944] registered taskstats version 1
[    1.236949] Loading compiled-in X.509 certificates
[    1.238910] Loaded X.509 cert 'Build time autogenerated kernel key: 6c1fc4794a06a007a4da1111f99d44566c225d05'
[    1.238928] zswap: loaded using pool lzo/zbud
[    1.242127] Key type big_key registered
[    1.242780] PM:   Magic number: 7:355:716
[    1.242958] rtc_cmos 00:01: setting system clock to 2019-10-31T03:42:59 UTC (1572493379)
[    1.442895] nvme nvme0: missing or invalid SUBNQN field.
[    1.446042] nvme nvme0: 8/0/0 default/read/poll queues
[    1.448066]  nvme0n1: p1 p2 p3 p4 p5
[    1.455808] Freeing unused decrypted memory: 2040K
[    1.456145] Freeing unused kernel image memory: 1632K
[    1.472300] Write protecting the kernel read-only data: 18432k
[    1.473353] Freeing unused kernel image memory: 2012K
[    1.473537] Freeing unused kernel image memory: 144K
[    1.486925] x86/mm: Checked W+X mappings: passed, no W+X pages found.
[    1.486928] Run /init as init process
[    1.517804] fbcon: Taking over console
[    1.517854] Console: switching to colour frame buffer device 342x114
[    1.565660] xhci_hcd 0000:00:0d.0: xHCI Host Controller
[    1.565665] xhci_hcd 0000:00:0d.0: new USB bus registered, assigned bus number 1
[    1.567087] xhci_hcd 0000:00:0d.0: hcc params 0x20007fc1 hci version 0x110 quirks 0x0000000000009810
[    1.567091] xhci_hcd 0000:00:0d.0: cache line size of 64 is not supported
[    1.567226] usb usb1: New USB device found, idVendor=1d6b, idProduct=0002, bcdDevice= 5.03
[    1.567227] usb usb1: New USB device strings: Mfr=3, Product=2, SerialNumber=1
[    1.567228] usb usb1: Product: xHCI Host Controller
[    1.567229] usb usb1: Manufacturer: Linux 5.3.7-arch1-2-ARCH xhci-hcd
[    1.567230] usb usb1: SerialNumber: 0000:00:0d.0
[    1.567336] hub 1-0:1.0: USB hub found
[    1.567344] hub 1-0:1.0: 1 port detected
[    1.567562] xhci_hcd 0000:00:0d.0: xHCI Host Controller
[    1.567565] xhci_hcd 0000:00:0d.0: new USB bus registered, assigned bus number 2
[    1.567568] xhci_hcd 0000:00:0d.0: Host supports USB 3.1 Enhanced SuperSpeed
[    1.567602] usb usb2: New USB device found, idVendor=1d6b, idProduct=0003, bcdDevice= 5.03
[    1.567603] usb usb2: New USB device strings: Mfr=3, Product=2, SerialNumber=1
[    1.567604] usb usb2: Product: xHCI Host Controller
[    1.567605] usb usb2: Manufacturer: Linux 5.3.7-arch1-2-ARCH xhci-hcd
[    1.567606] usb usb2: SerialNumber: 0000:00:0d.0
[    1.567755] hub 2-0:1.0: USB hub found
[    1.567765] hub 2-0:1.0: 4 ports detected
[    1.568372] xhci_hcd 0000:00:14.0: xHCI Host Controller
[    1.568376] xhci_hcd 0000:00:14.0: new USB bus registered, assigned bus number 3
[    1.569471] xhci_hcd 0000:00:14.0: hcc params 0x20007fc1 hci version 0x110 quirks 0x0000000000009810
[    1.569477] xhci_hcd 0000:00:14.0: cache line size of 64 is not supported
[    1.569663] usb usb3: New USB device found, idVendor=1d6b, idProduct=0002, bcdDevice= 5.03
[    1.569664] usb usb3: New USB device strings: Mfr=3, Product=2, SerialNumber=1
[    1.569665] usb usb3: Product: xHCI Host Controller
[    1.569665] usb usb3: Manufacturer: Linux 5.3.7-arch1-2-ARCH xhci-hcd
[    1.569666] usb usb3: SerialNumber: 0000:00:14.0
[    1.569756] hub 3-0:1.0: USB hub found
[    1.569772] hub 3-0:1.0: 12 ports detected
[    1.571193] xhci_hcd 0000:00:14.0: xHCI Host Controller
[    1.571195] xhci_hcd 0000:00:14.0: new USB bus registered, assigned bus number 4
[    1.571198] xhci_hcd 0000:00:14.0: Host supports USB 3.1 Enhanced SuperSpeed
[    1.571225] usb usb4: New USB device found, idVendor=1d6b, idProduct=0003, bcdDevice= 5.03
[    1.571226] usb usb4: New USB device strings: Mfr=3, Product=2, SerialNumber=1
[    1.571227] usb usb4: Product: xHCI Host Controller
[    1.571227] usb usb4: Manufacturer: Linux 5.3.7-arch1-2-ARCH xhci-hcd
[    1.571228] usb usb4: SerialNumber: 0000:00:14.0
[    1.571296] hub 4-0:1.0: USB hub found
[    1.571308] hub 4-0:1.0: 6 ports detected
[    1.650521] EXT4-fs (nvme0n1p3): mounted filesystem with ordered data mode. Opts: (null)
[    1.657543] random: fast init done
[    1.719066] random: crng init done
[    1.719070] systemd[1]: Successfully credited entropy passed from boot loader.
[    1.719586] systemd[1]: systemd 243.78-1-arch running in system mode. (+PAM +AUDIT -SELINUX -IMA -APPARMOR +SMACK -SYSVINIT +UTMP +LIBCRYPTSETUP +GCRYPT +GNUTLS +ACL +XZ +LZ4 +SECCOMP +BLKID +ELFUTILS +KMOD +IDN2 -IDN +PCRE2 default-hierarchy=hybrid)
[    1.735732] systemd[1]: Detected architecture x86-64.
[    1.739292] systemd[1]: Set hostname to <BlackLightSpeed>.
[    1.813642] systemd[1]: Created slice system-getty.slice.
[    1.813797] systemd[1]: Created slice system-systemd\x2dfsck.slice.
[    1.813918] systemd[1]: Created slice User and Session Slice.
[    1.813972] systemd[1]: Started Dispatch Password Requests to Console Directory Watch.
[    1.814020] systemd[1]: Started Forward Password Requests to Wall Directory Watch.
[    1.814173] systemd[1]: Set up automount Arbitrary Executable File Formats File System Automount Point.
[    1.814226] systemd[1]: Reached target Local Encrypted Volumes.
[    1.824810] EXT4-fs (nvme0n1p3): re-mounted. Opts: (null)
[    1.898816] usb 3-8: new full-speed USB device number 2 using xhci_hcd
[    1.969793] audit: type=1130 audit(1572493380.223:2): pid=1 uid=0 auid=4294967295 ses=4294967295 msg='unit=systemd-journald comm="systemd" exe="/usr/lib/systemd/systemd" hostname=? addr=? terminal=? res=success'
[    1.973785] systemd-journald[290]: Received client request to flush runtime journal.
[    1.997235] audit: type=1130 audit(1572493380.250:3): pid=1 uid=0 auid=4294967295 ses=4294967295 msg='unit=systemd-udevd comm="systemd" exe="/usr/lib/systemd/systemd" hostname=? addr=? terminal=? res=success'
[    2.011771] acpi-tad ACPI000E:00: Missing _PRW
[    2.025272] input: Surface Pro 3/4 Buttons as /devices/LNXSYSTM:00/LNXSYBUS:00/MSHW0040:00/input/input1
[    2.025283] surface_pro3_button MSHW0040:00: Surface Pro 3/4 Buttons [VGBI]
[    2.039752] usb 3-8: New USB device found, idVendor=045e, idProduct=09c0, bcdDevice= 0.07
[    2.039755] usb 3-8: New USB device strings: Mfr=1, Product=2, SerialNumber=0
[    2.039757] usb 3-8: Product: Surface Type Cover
[    2.039758] usb 3-8: Manufacturer: Microsoft
[    2.046318] audit: type=1130 audit(1572493380.300:4): pid=1 uid=0 auid=4294967295 ses=4294967295 msg='unit=systemd-journal-flush comm="systemd" exe="/usr/lib/systemd/systemd" hostname=? addr=? terminal=? res=success'
[    2.068780] Adding 33554428k swap on /dev/nvme0n1p2.  Priority:-2 extents:1 across:33554428k SSFS
[    2.083113] mei_me 0000:00:16.0: enabling device (0000 -> 0002)
[    2.086512] intel-spi 0000:00:1f.5: write to status register failed
[    2.086550] intel-spi 0000:00:1f.5: fail to clear block protection bits
[    2.086586] intel-spi 0000:00:1f.5: failed to locate the chip
[    2.086601] intel-spi: probe of 0000:00:1f.5 failed with error -5
[    2.086732] audit: type=1130 audit(1572493380.340:5): pid=1 uid=0 auid=4294967295 ses=4294967295 msg='unit=systemd-fsck@dev-disk-by\x2duuid-7339\x2dD6FC comm="systemd" exe="/usr/lib/systemd/systemd" hostname=? addr=? terminal=? res=success'
[    2.087805] audit: type=1130 audit(1572493380.340:6): pid=1 uid=0 auid=4294967295 ses=4294967295 msg='unit=systemd-fsck@dev-disk-by\x2duuid-e61b0332\x2d775f\x2d4ac8\x2d806a\x2da0278a04f0e7 comm="systemd" exe="/usr/lib/systemd/systemd" hostname=? addr=? terminal=? res=success'
[    2.088246] audit: type=1130 audit(1572493380.340:7): pid=1 uid=0 auid=4294967295 ses=4294967295 msg='unit=systemd-fsck@dev-disk-by\x2duuid-41d3991e\x2d5189\x2d4913\x2d8af1\x2d0c3ce8b37502 comm="systemd" exe="/usr/lib/systemd/systemd" hostname=? addr=? terminal=? res=success'
[    2.088677] Linux agpgart interface v0.103
[    2.096075] EXT4-fs (nvme0n1p4): mounted filesystem with ordered data mode. Opts: (null)
[    2.100115] EXT4-fs (nvme0n1p5): mounted filesystem with ordered data mode. Opts: (null)
[    2.100297] RAPL PMU: API unit is 2^-32 Joules, 4 fixed counters, 655360 ms ovfl timer
[    2.100298] RAPL PMU: hw unit of domain pp0-core 2^-14 Joules
[    2.100298] RAPL PMU: hw unit of domain package 2^-14 Joules
[    2.100298] RAPL PMU: hw unit of domain pp1-gpu 2^-14 Joules
[    2.100299] RAPL PMU: hw unit of domain psys 2^-14 Joules
[    2.166139] usb 4-6: new SuperSpeed Gen 1 USB device number 2 using xhci_hcd
[    2.226349] usb 4-6: New USB device found, idVendor=045e, idProduct=0306, bcdDevice= 2.06
[    2.226350] usb 4-6: New USB device strings: Mfr=1, Product=2, SerialNumber=3
[    2.226351] usb 4-6: Product: USB3.0 Card Reader
[    2.226351] usb 4-6: Manufacturer: Realtek
[    2.226352] usb 4-6: SerialNumber: 201209010309
[    2.286042] cfg80211: Loading compiled-in X.509 certificates for regulatory database
[    2.290965] snd_hda_intel 0000:00:1f.3: enabling device (0000 -> 0002)
[    2.293798] cryptd: max_cpu_qlen set to 1000
[    2.296447] cfg80211: Loaded X.509 cert 'sforshee: 00b28ddf47aef9cea7'
[    2.296819] platform regulatory.0: Direct firmware load for regulatory.db failed with error -2
[    2.296820] cfg80211: failed to load regulatory.db
[    2.308698] usb 3-10: new full-speed USB device number 3 using xhci_hcd
[    2.379000] AVX2 version of gcm_enc/dec engaged.
[    2.379001] AES CTR mode by8 optimization enabled
[    2.382068] Intel(R) Wireless WiFi driver for Linux
[    2.382069] Copyright(c) 2003- 2015 Intel Corporation
[    2.382122] iwlwifi 0000:00:14.3: enabling device (0000 -> 0002)
[    2.384777] iwlwifi 0000:00:14.3: TLV_FW_FSEQ_VERSION: FSEQ Version: 43.2.23.17
[    2.384781] iwlwifi 0000:00:14.3: Found debug destination: EXTERNAL_DRAM
[    2.384783] iwlwifi 0000:00:14.3: Found debug configuration: 0
[    2.384971] iwlwifi 0000:00:14.3: loaded firmware version 48.4fa0041f.0 op_mode iwlmvm
[    2.449836] usb 3-10: New USB device found, idVendor=8087, idProduct=0026, bcdDevice= 0.02
[    2.449838] usb 3-10: New USB device strings: Mfr=0, Product=0, SerialNumber=0
[    2.555593] hidraw: raw HID events driver (C) Jiri Kosina
[    2.560356] SCSI subsystem initialized
[    2.576435] usbcore: registered new interface driver usbhid
[    2.576437] usbhid: USB HID core driver
[    2.621334] checking generic (4000000000 130a000) vs hw (4000000000 10000000)
[    2.621337] fb0: switching to inteldrmfb from EFI VGA
[    2.621821] Console: switching to colour dummy device 80x25
[    2.621839] i915 0000:00:02.0: vgaarb: deactivate vga console
[    2.623764] [drm] Supports vblank timestamp caching Rev 2 (21.10.2013).
[    2.623765] [drm] Driver supports precise vblank timestamp query.
[    2.624602] i915 0000:00:02.0: vgaarb: changed VGA decodes: olddecodes=io+mem,decodes=io+mem:owns=io+mem
[    2.625415] mei_hdcp mei::b638ab7e-94e2-4ea2-a552-d1c54b627f04:01: bound 0000:00:02.0 (ops i915_hdcp_component_ops [i915])
[    2.626910] [drm] Finished loading DMC firmware i915/icl_dmc_ver1_07.bin (v1.7)
[    2.653741] [drm:_wa_add [i915]] *ERROR* Discarding overwritten w/a for reg 7034 (mask: ffffffff, value: 80000280)
[    2.655659] usb-storage 4-6:1.0: USB Mass Storage device detected
[    2.655669] [drm] Initialized i915 1.6.0 20190619 for 0000:00:02.0 on minor 0
[    2.655913] scsi host0: usb-storage 4-6:1.0
[    2.655994] usbcore: registered new interface driver usb-storage
[    2.656344] input: Microsoft Surface Type Cover Keyboard as /devices/pci0000:00/0000:00:14.0/usb3/3-8/3-8:1.0/0003:045E:09C0.0001/input/input2
[    2.657815] ACPI: Video Device [GFX0] (multi-head: yes  rom: no  post: no)
[    2.658112] input: Video Bus as /devices/LNXSYSTM:00/LNXSYBUS:00/PNP0A08:00/LNXVIDEO:00/input/input11
[    2.690764] iwlwifi 0000:00:14.3: Detected Intel(R) Wi-Fi 6 AX201 160MHz, REV=0x338
[    2.695432] Bluetooth: Core ver 2.22
[    2.695452] NET: Registered protocol family 31
[    2.695453] Bluetooth: HCI device and connection manager initialized
[    2.695459] Bluetooth: HCI socket layer initialized
[    2.695462] Bluetooth: L2CAP socket layer initialized
[    2.695467] Bluetooth: SCO socket layer initialized
[    2.697536] iwlwifi 0000:00:14.3: Applying debug destination EXTERNAL_DRAM
[    2.697861] iwlwifi 0000:00:14.3: Allocated 0x00400000 bytes for firmware monitor.
[    2.698611] usbcore: registered new interface driver uas
[    2.712236] input: Microsoft Surface Type Cover Mouse as /devices/pci0000:00/0000:00:14.0/usb3/3-8/3-8:1.0/0003:045E:09C0.0001/input/input3
[    2.712356] input: Microsoft Surface Type Cover Consumer Control as /devices/pci0000:00/0000:00:14.0/usb3/3-8/3-8:1.0/0003:045E:09C0.0001/input/input4
[    2.712485] snd_hda_intel 0000:00:1f.3: bound 0000:00:02.0 (ops i915_audio_component_bind_ops [i915])
[    2.712486] input: Microsoft Surface Type Cover as /devices/pci0000:00/0000:00:14.0/usb3/3-8/3-8:1.0/0003:045E:09C0.0001/input/input5
[    2.712637] input: Microsoft Surface Type Cover Touchpad as /devices/pci0000:00/0000:00:14.0/usb3/3-8/3-8:1.0/0003:045E:09C0.0001/input/input6
[    2.712767] input: Microsoft Surface Type Cover as /devices/pci0000:00/0000:00:14.0/usb3/3-8/3-8:1.0/0003:045E:09C0.0001/input/input7
[    2.712846] input: Microsoft Surface Type Cover as /devices/pci0000:00/0000:00:14.0/usb3/3-8/3-8:1.0/0003:045E:09C0.0001/input/input8
[    2.712923] input: Microsoft Surface Type Cover as /devices/pci0000:00/0000:00:14.0/usb3/3-8/3-8:1.0/0003:045E:09C0.0001/input/input9
[    2.713114] hid-generic 0003:045E:09C0.0001: input,hiddev0,hidraw0: USB HID v1.11 Keyboard [Microsoft Surface Type Cover] on usb-0000:00:14.0-8/input0
[    2.714685] fbcon: i915drmfb (fb0) is primary device
[    2.720163] Console: switching to colour frame buffer device 342x114
[    2.743012] i915 0000:00:02.0: fb0: i915drmfb frame buffer device
[    2.747769] audit: type=1130 audit(1572493381.000:8): pid=1 uid=0 auid=4294967295 ses=4294967295 msg='unit=systemd-backlight@backlight:intel_backlight comm="systemd" exe="/usr/lib/systemd/systemd" hostname=? addr=? terminal=? res=success'
[    2.804722] usbcore: registered new interface driver btusb
[    2.815019] Bluetooth: hci0: Bootloader revision 0.4 build 0 week 11 2017
[    2.816020] Bluetooth: hci0: Device revision is 2
[    2.816023] Bluetooth: hci0: Secure boot is enabled
[    2.816024] Bluetooth: hci0: OTP lock is enabled
[    2.816025] Bluetooth: hci0: API lock is enabled
[    2.816026] Bluetooth: hci0: Debug lock is disabled
[    2.816038] Bluetooth: hci0: Minimum firmware build 1 week 10 2014
[    2.816296] audit: type=1130 audit(1572493381.070:9): pid=1 uid=0 auid=4294967295 ses=4294967295 msg='unit=systemd-rfkill comm="systemd" exe="/usr/lib/systemd/systemd" hostname=? addr=? terminal=? res=success'
[    2.817163] Bluetooth: hci0: Found device firmware: intel/ibt-19-32-4.sfi
[    2.848375] iwlwifi 0000:00:14.3: base HW address: 40:74:e0:74:80:42
[    2.862413] thermal thermal_zone8: failed to read out thermal zone (-61)
[    2.864589] iwlwifi 0000:00:14.3 wlp0s20f3: renamed from wlan0
[    2.924498] snd_hda_codec_realtek hdaudioC0D0: autoconfig for ALC274: line_outs=1 (0x1b/0x0/0x0/0x0/0x0) type:speaker
[    2.924501] snd_hda_codec_realtek hdaudioC0D0:    speaker_outs=0 (0x0/0x0/0x0/0x0/0x0)
[    2.924503] snd_hda_codec_realtek hdaudioC0D0:    hp_outs=1 (0x21/0x0/0x0/0x0/0x0)
[    2.924505] snd_hda_codec_realtek hdaudioC0D0:    mono: mono_out=0x0
[    2.924506] snd_hda_codec_realtek hdaudioC0D0:    inputs:
[    2.924508] snd_hda_codec_realtek hdaudioC0D0:      Mic=0x19
[    2.924510] snd_hda_codec_realtek hdaudioC0D0:      Internal Mic=0x12
[    3.087349] input: Microsoft Surface Type Cover Keyboard as /devices/pci0000:00/0000:00:14.0/usb3/3-8/3-8:1.0/0003:045E:09C0.0001/input/input12
[    3.119180] intel_rapl_common: Found RAPL domain package
[    3.119182] intel_rapl_common: Found RAPL domain core
[    3.119183] intel_rapl_common: Found RAPL domain uncore
[    3.142202] input: Microsoft Surface Type Cover Consumer Control as /devices/pci0000:00/0000:00:14.0/usb3/3-8/3-8:1.0/0003:045E:09C0.0001/input/input14
[    3.142245] input: Microsoft Surface Type Cover Touchpad as /devices/pci0000:00/0000:00:14.0/usb3/3-8/3-8:1.0/0003:045E:09C0.0001/input/input16
[    3.142327] hid-multitouch 0003:045E:09C0.0001: input,hiddev0,hidraw0: USB HID v1.11 Keyboard [Microsoft Surface Type Cover] on usb-0000:00:14.0-8/input0
[    3.211366] mousedev: PS/2 mouse device common for all mice
[    3.395268] input: HDA Intel PCH Mic as /devices/pci0000:00/0000:00:1f.3/sound/card0/input31
[    3.395637] input: HDA Intel PCH Headphone as /devices/pci0000:00/0000:00:1f.3/sound/card0/input32
[    3.395683] input: HDA Intel PCH HDMI/DP,pcm=3 as /devices/pci0000:00/0000:00:1f.3/sound/card0/input33
[    3.395727] input: HDA Intel PCH HDMI/DP,pcm=7 as /devices/pci0000:00/0000:00:1f.3/sound/card0/input34
[    3.395764] input: HDA Intel PCH HDMI/DP,pcm=8 as /devices/pci0000:00/0000:00:1f.3/sound/card0/input35
[    3.395803] input: HDA Intel PCH HDMI/DP,pcm=9 as /devices/pci0000:00/0000:00:1f.3/sound/card0/input36
[    3.395839] input: HDA Intel PCH HDMI/DP,pcm=10 as /devices/pci0000:00/0000:00:1f.3/sound/card0/input37
[    3.395886] input: HDA Intel PCH HDMI/DP,pcm=11 as /devices/pci0000:00/0000:00:1f.3/sound/card0/input38
[    3.395928] input: HDA Intel PCH HDMI/DP,pcm=12 as /devices/pci0000:00/0000:00:1f.3/sound/card0/input39
[    3.573148] ish-hid {33AECD58-B679-4E54-9BD9-A04D34F0C226}: [hid-ish]: enum_devices_done OK, num_hid_devices=1
[    3.579076] hid-generic 001F:8087:0AC2.0002: hidraw1: <UNKNOWN> HID v2.00 Device [hid-ishtp 8087:0AC2] on 
[    3.666009] scsi 0:0:0:0: Direct-Access     Generic- SD/MMC           1.00 PQ: 0 ANSI: 6
[    4.601569] Bluetooth: hci0: Waiting for firmware download to complete
[    4.602061] Bluetooth: hci0: Firmware loaded in 1751900 usecs
[    4.602127] Bluetooth: hci0: Waiting for device to boot
[    4.615252] Bluetooth: hci0: Device booted in 12821 usecs
[    4.618986] Bluetooth: hci0: Found Intel DDC parameters: intel/ibt-19-32-4.ddc
[    4.634115] Bluetooth: hci0: Applying Intel DDC parameters completed
[    4.705198] sd 0:0:0:0: [sda] 1999749120 512-byte logical blocks: (1.02 TB/954 GiB)
[    4.705754] sd 0:0:0:0: [sda] Write Protect is off
[    4.705758] sd 0:0:0:0: [sda] Mode Sense: 2f 00 00 00
[    4.706211] sd 0:0:0:0: [sda] Write cache: disabled, read cache: enabled, doesn't support DPO or FUA
[    4.724662]  sda: sda1
[    4.727726] sd 0:0:0:0: [sda] Attached SCSI removable disk
[    4.946905] audit: type=1130 audit(1572493383.200:10): pid=1 uid=0 auid=4294967295 ses=4294967295 msg='unit=systemd-fsck@dev-disk-by\x2duuid-4e854559\x2d2214\x2d49b8\x2da1f0\x2d185024ee9eb9 comm="systemd" exe="/usr/lib/systemd/systemd" hostname=? addr=? terminal=? res=success'
[    4.984028] EXT4-fs (sda1): mounted filesystem with ordered data mode. Opts: (null)
[    5.244393] iwlwifi 0000:00:14.3: Applying debug destination EXTERNAL_DRAM
[    5.390426] iwlwifi 0000:00:14.3: FW already configured (0) - re-configuring
[    5.400199] iwlwifi 0000:00:14.3: BIOS contains WGDS but no WRDS
[    5.425347] iwlwifi 0000:00:14.3: Applying debug destination EXTERNAL_DRAM
[    5.574515] iwlwifi 0000:00:14.3: FW already configured (0) - re-configuring
[    5.584673] iwlwifi 0000:00:14.3: BIOS contains WGDS but no WRDS
[    5.968974] kauditd_printk_skb: 10 callbacks suppressed
[    5.968977] audit: type=1130 audit(1572493384.223:21): pid=1 uid=0 auid=4294967295 ses=4294967295 msg='unit=systemd-logind comm="systemd" exe="/usr/lib/systemd/systemd" hostname=? addr=? terminal=? res=success'
[    7.870731] audit: type=1131 audit(1572493386.123:22): pid=1 uid=0 auid=4294967295 ses=4294967295 msg='unit=systemd-rfkill comm="systemd" exe="/usr/lib/systemd/systemd" hostname=? addr=? terminal=? res=success'
[    8.481512] iwlwifi 0000:00:14.3: Applying debug destination EXTERNAL_DRAM
[    8.630961] iwlwifi 0000:00:14.3: FW already configured (0) - re-configuring
[    8.641147] iwlwifi 0000:00:14.3: BIOS contains WGDS but no WRDS
[   11.319141] wlp0s20f3: authenticate with 78:24:af:7b:59:c8
[   11.323634] wlp0s20f3: send auth to 78:24:af:7b:59:c8 (try 1/3)
[   11.351600] wlp0s20f3: authenticated
[   11.352040] wlp0s20f3: associate with 78:24:af:7b:59:c8 (try 1/3)
[   11.356248] wlp0s20f3: RX AssocResp from 78:24:af:7b:59:c8 (capab=0x1411 status=0 aid=8)
[   11.359897] wlp0s20f3: associated
[   11.410676] IPv6: ADDRCONF(NETDEV_CHANGE): wlp0s20f3: link becomes ready
[   15.015629] audit: type=1131 audit(1572493393.270:23): pid=1 uid=0 auid=4294967295 ses=4294967295 msg='unit=NetworkManager-dispatcher comm="systemd" exe="/usr/lib/systemd/systemd" hostname=? addr=? terminal=? res=success'
[   35.245959] audit: type=1131 audit(1572493413.500:24): pid=1 uid=0 auid=4294967295 ses=4294967295 msg='unit=systemd-hostnamed comm="systemd" exe="/usr/lib/systemd/systemd" hostname=? addr=? terminal=? res=success'
[  380.957963] audit: type=1006 audit(1572493759.210:25): pid=481 uid=0 old-auid=4294967295 auid=1000 tty=tty1 old-ses=4294967295 ses=1 res=1
[  380.979882] audit: type=1130 audit(1572493759.233:26): pid=1 uid=0 auid=4294967295 ses=4294967295 msg='unit=user-runtime-dir@1000 comm="systemd" exe="/usr/lib/systemd/systemd" hostname=? addr=? terminal=? res=success'
[  380.989048] audit: type=1006 audit(1572493759.243:27): pid=522 uid=0 old-auid=4294967295 auid=1000 tty=(none) old-ses=4294967295 ses=2 res=1
[  381.046510] audit: type=1130 audit(1572493759.300:28): pid=1 uid=0 auid=4294967295 ses=4294967295 msg='unit=user@1000 comm="systemd" exe="/usr/lib/systemd/systemd" hostname=? addr=? terminal=? res=success'
[  381.247445] broken atomic modeset userspace detected, disabling atomic
[  381.909357] audit: type=1130 audit(1572493760.163:29): pid=1 uid=0 auid=4294967295 ses=4294967295 msg='unit=rtkit-daemon comm="systemd" exe="/usr/lib/systemd/systemd" hostname=? addr=? terminal=? res=success'
[  381.969828] audit: type=1130 audit(1572493760.223:30): pid=1 uid=0 auid=4294967295 ses=4294967295 msg='unit=polkit comm="systemd" exe="/usr/lib/systemd/systemd" hostname=? addr=? terminal=? res=success'
